node : C:\StudentDash
board1\shadcn-ui\serv
er\node_modules\@pris
ma\client\runtime\cli
ent.js:70
Au caractère Ligne:1 
: 1
+ node 
test_prisma.js > 
test_log.txt 2>&1
+ ~~~~~~~~~~~~~~~~~~~
~~~~~~~~~~~~~~~~~~~~
    + CategoryInfo   
           : NotSpe  
  cified: (C:\Stud   
 entDashb...me\cl    
ient.js:70:Strin    
g) [], RemoteExc    
eption
    + FullyQualified 
   ErrorId : Native  
  CommandError
 
${n}`}var jl=require(
"@prisma/client-runti
me-utils");function 
Ul(e){return e.length
===0?Promise.resolve(
[]):new 
Promise((t,r)=>{let 
n=new Array(e.length)
,i=null,o=!1,s=0,a=()
=>{o||(s++,s===e.leng
th&&(o=!0,i?r(i):t(n)
))},l=u=>{o||(o=!0,r(
u))};for(let u=0;u<e.
length;u++)e[u].then(
c=>{n[u]=c,a()},c=>{i
f(!(0,jl.hasBatchInde
x)(c)){l(c);return}c.
batchRequestIdx===u?l
(c):(i||(i=c),a())})}
)}var Ut=M("prisma:cl
ient");typeof globalT
his=="object"&&(globa
lThis.NODE_CLIENT=!0)
;var Rm={requestArgsT
oMiddlewareArgs:e=>e,
middlewareArgsToReque
stArgs:e=>e},km=Symbo
l.for("prisma.client.
transaction.id"),Im={
id:0,nextId(){return+
+this.id}};function 
Gl(e){class t{_origin
alClient=this;_runtim
eDataModel;_requestHa
ndler;_connectionProm
ise;_disconnectionPro
mise;_engineConfig;_a
ccelerateEngineConfig
;_clientVersion;_erro
rFormat;_tracingHelpe
r;_previewFeatures;_a
ctiveProvider;_global
Omit;_extensions;_eng
ine;_appliedParent;_c
reatePrismaPromise=pi
();constructor(n){if(
!n)throw new w.Prisma
ClientInitializationE
rror("`PrismaClient` 
needs to be 
constructed with a 
non-empty, valid `Pri
smaClientOptions`:\n\
n```\nnew 
PrismaClient({\n  ...
\n})\n```\n\nor\n\n``
`\nconstructor() {\n 
 super({ ... 
});\n}\n```\n        
  ",yi);e=n.__interna
l?.configOverride?.(e
)??e,ql(n,e);let 
i=new Hl.EventEmitter
().on("error",()=>{})
;this._extensions=Ue.
empty(),this._preview
Features=e.previewFea
tures,this._clientVer
sion=e.clientVersion?
?yi,this._activeProvi
der=e.activeProvider,
this._globalOmit=n?.o
mit,this._tracingHelp
er=Rl();let o;if(n.ad
apter){o=n.adapter;le
t s=e.activeProvider=
=="postgresql"||e.act
iveProvider==="cockro
achdb"?"postgres":e.a
ctiveProvider;if(o.pr
ovider!==s)throw new 
w.PrismaClientInitial
izationError(`The 
Driver Adapter \`${o.
adapterName}\`, 
based on 
\`${o.provider}\`, 
is not compatible 
with the provider 
\`${s}\` specified 
in the Prisma schema.
`,this._clientVersion
)}try{let s=n??{},l=(
s.__internal??{}).deb
ug===!0;if(l&&M.enabl
e("prisma:client"),s.
errorFormat?this._err
orFormat=s.errorForma
t:process.env.NODE_EN
V==="production"?this
._errorFormat="minima
l":process.env.NO_COL
OR?this._errorFormat=
"colorless":this._err
orFormat="colorless",
this._runtimeDataMode
l=e.runtimeDataModel,
this._engineConfig={e
nableDebugLogs:l,logL
evel:s.log&&Il(s.log)
,logQueries:s.log&&!!
(typeof s.log=="strin
g"?s.log==="query":s.
log.find(u=>typeof u=
="string"?u==="query"
:u.level==="query")),
compilerWasm:e.compil
erWasm,clientVersion:
e.clientVersion,previ
ewFeatures:this._prev
iewFeatures,activePro
vider:e.activeProvide
r,inlineSchema:e.inli
neSchema,tracingHelpe
r:this._tracingHelper
,transactionOptions:{
maxWait:s.transaction
Options?.maxWait??2e3
,timeout:s.transactio
nOptions?.timeout??5e
3,isolationLevel:s.tr
ansactionOptions?.iso
lationLevel},logEmitt
er:i,adapter:o,accele
rateUrl:s.accelerateU
rl,sqlCommenters:s.co
mments,parameterizati
onSchema:e.parameteri
zationSchema,runtimeD
ataModel:e.runtimeDat
aModel},this._acceler
ateEngineConfig=Objec
t.create(this._engine
Config),this._acceler
ateEngineConfig.accel
erateUtils={resolveDa
tasourceUrl:()=>{if(s
.accelerateUrl)return
 s.accelerateUrl;thro
w new w.PrismaClientI
nitializationError(`\
`accelerateUrl\` is 
required when using \
`@prisma/extension-ac
celerate\`:
                     
                     
                     
                     
                     
                     
                     
                     
                     
                     
                     
                     
                     
                     
                     
                     
                     
                     
                     
                     
                     
                     
                     
                     
                     
                     
                     
                     
                     
                     
                     
                     
                     
                     
                     
                     
                     
                     
                     
                     
                     
                     
                     
                     
                     
              ^

PrismaClientInitializ
ationError: 
`PrismaClient` needs 
to be constructed 
with a non-empty, 
valid `PrismaClientOp
tions`:

```
new PrismaClient({
  ...
})
```

or

```
constructor() {
  super({ ... });
}
```
          
    at new t (C:\Stud
entDashboard1\shadcn-
ui\server\node_module
s\@prisma\client\runt
ime\client.js:70:960)
    at file:///C:/Stu
dentDashboard1/shadcn
-ui/server/test_prism
a.js:2:16
    at ModuleJob.run 
(node:internal/module
s/esm/module_job:345:
25)
    at async onImport
.tracePromise.__proto
__ (node:internal/mod
ules/esm/loader:651:2
6)
    at async asyncRun
EntryPointWithESMLoad
er (node:internal/mod
ules/run_main:117:5) 
{
  clientVersion: 
'7.4.1',
  errorCode: 
undefined,
  retryable: 
undefined
}

Node.js v22.19.0
